2026-03-25 20:03:06,664 INFO o.a.j.u.JMeterUtils: Setting Locale to en_EN
2026-03-25 20:03:06,674 INFO o.a.j.JMeter: Loading user properties from: D:\TESTES COM JMETER\JMETER\apache-jmeter-5.6.3\bin\user.properties
2026-03-25 20:03:06,674 INFO o.a.j.JMeter: Loading system properties from: D:\TESTES COM JMETER\JMETER\apache-jmeter-5.6.3\bin\system.properties
2026-03-25 20:03:06,678 INFO o.a.j.JMeter: Copyright (c) 1998-2024 The Apache Software Foundation
2026-03-25 20:03:06,678 INFO o.a.j.JMeter: Version 5.6.3
2026-03-25 20:03:06,678 INFO o.a.j.JMeter: java.version=1.8.0_481
2026-03-25 20:03:06,678 INFO o.a.j.JMeter: java.vm.name=Java HotSpot(TM) Client VM
2026-03-25 20:03:06,678 INFO o.a.j.JMeter: os.name=Windows 11
2026-03-25 20:03:06,682 INFO o.a.j.JMeter: os.arch=x86
2026-03-25 20:03:06,682 INFO o.a.j.JMeter: os.version=10.0
2026-03-25 20:03:06,682 INFO o.a.j.JMeter: file.encoding=Cp1252
2026-03-25 20:03:06,682 INFO o.a.j.JMeter: java.awt.headless=true
2026-03-25 20:03:06,682 INFO o.a.j.JMeter: Max memory     =1073741824
2026-03-25 20:03:06,682 INFO o.a.j.JMeter: Available Processors =8
2026-03-25 20:03:06,684 INFO o.a.j.JMeter: Default Locale=English (EN)
2026-03-25 20:03:06,684 INFO o.a.j.JMeter: JMeter  Locale=English (EN)
2026-03-25 20:03:06,684 INFO o.a.j.JMeter: JMeterHome=D:\TESTES COM JMETER\JMETER\apache-jmeter-5.6.3
2026-03-25 20:03:06,684 INFO o.a.j.JMeter: user.dir  =D:\TESTES COM JMETER\JMETER\Secao6-Ambiente completo
2026-03-25 20:03:06,686 INFO o.a.j.JMeter: PWD       =D:\TESTES COM JMETER\JMETER\Secao6-Ambiente completo
2026-03-25 20:03:06,694 INFO o.a.j.JMeter: IP: 192.168.1.9 Name: Natanael FullName: Natanael
2026-03-25 20:03:06,712 INFO o.a.j.s.FileServer: Default base='D:\TESTES COM JMETER\JMETER\Secao6-Ambiente completo'
2026-03-25 20:03:06,714 INFO o.a.j.s.FileServer: Set new base='D:\TESTES COM JMETER\JMETER\Secao6-Ambiente completo'
2026-03-25 20:03:06,828 INFO o.a.j.s.SaveService: Testplan (JMX) version: 2.2. Testlog (JTL) version: 2.2
2026-03-25 20:03:06,848 INFO o.a.j.s.SaveService: Using SaveService properties file encoding UTF-8
2026-03-25 20:03:06,855 INFO o.a.j.s.SaveService: Using SaveService properties version 5.0
2026-03-25 20:03:06,861 INFO o.a.j.s.SaveService: Loading file: D:\TESTES COM JMETER\JMETER\Secao6-Ambiente completo\pronto.jmx
2026-03-25 20:03:06,924 INFO o.a.j.p.h.s.HTTPSamplerBase: Parser for text/html is org.apache.jmeter.protocol.http.parser.LagartoBasedHtmlParser
2026-03-25 20:03:06,924 INFO o.a.j.p.h.s.HTTPSamplerBase: Parser for application/xhtml+xml is org.apache.jmeter.protocol.http.parser.LagartoBasedHtmlParser
2026-03-25 20:03:06,924 INFO o.a.j.p.h.s.HTTPSamplerBase: Parser for application/xml is org.apache.jmeter.protocol.http.parser.LagartoBasedHtmlParser
2026-03-25 20:03:06,924 INFO o.a.j.p.h.s.HTTPSamplerBase: Parser for text/xml is org.apache.jmeter.protocol.http.parser.LagartoBasedHtmlParser
2026-03-25 20:03:06,926 INFO o.a.j.p.h.s.HTTPSamplerBase: Parser for text/vnd.wap.wml is org.apache.jmeter.protocol.http.parser.RegexpHTMLParser
2026-03-25 20:03:06,926 INFO o.a.j.p.h.s.HTTPSamplerBase: Parser for text/css is org.apache.jmeter.protocol.http.parser.CssParser
2026-03-25 20:03:07,127 INFO o.a.j.JMeter: Creating summariser <summary>
2026-03-25 20:03:07,135 INFO o.a.j.e.StandardJMeterEngine: Running the test!
2026-03-25 20:03:07,137 INFO o.a.j.s.SampleEvent: List of sample_variables: []
2026-03-25 20:03:07,137 INFO o.a.j.s.SampleEvent: List of sample_variables: []
2026-03-25 20:03:07,140 INFO o.a.j.e.u.CompoundVariable: Note: Function class names must contain the string: '.functions.'
2026-03-25 20:03:07,141 INFO o.a.j.e.u.CompoundVariable: Note: Function class names must not contain the string: '.gui.'
2026-03-25 20:03:07,397 INFO o.a.j.JMeter: Running test (1774479787397)
2026-03-25 20:03:07,427 INFO o.a.j.e.StandardJMeterEngine: Starting ThreadGroup: 1 : Carga de Utilizadores
2026-03-25 20:03:07,427 INFO o.a.j.e.StandardJMeterEngine: Starting 5 threads for group Carga de Utilizadores.
2026-03-25 20:03:07,427 INFO o.a.j.e.StandardJMeterEngine: Thread will continue on error
2026-03-25 20:03:07,427 INFO o.a.j.t.ThreadGroup: Starting thread group... number=1 threads=5 ramp-up=5 delayedStart=false
2026-03-25 20:03:07,433 INFO o.a.j.t.ThreadGroup: Started thread group number 1
2026-03-25 20:03:07,433 INFO o.a.j.e.StandardJMeterEngine: All thread groups have been started
2026-03-25 20:03:07,458 INFO o.a.j.t.JMeterThread: Thread started: Carga de Utilizadores 1-1
2026-03-25 20:03:07,460 INFO o.a.j.s.FileServer: Stored: usuarios.csv
2026-03-25 20:03:07,460 ERROR o.a.j.t.JMeterThread: Test failed!
java.lang.IllegalArgumentException: File usuarios.csv must exist and be readable
	at org.apache.jmeter.services.FileServer.createBufferedReader(FileServer.java:424) ~[ApacheJMeter_core.jar:5.6.3]
	at org.apache.jmeter.services.FileServer.readLine(FileServer.java:340) ~[ApacheJMeter_core.jar:5.6.3]
	at org.apache.jmeter.config.CSVDataSet.iterationStart(CSVDataSet.java:182) ~[ApacheJMeter_components.jar:5.6.3]
	at org.apache.jmeter.control.GenericController.fireIterationStart(GenericController.java:412) ~[ApacheJMeter_core.jar:5.6.3]
	at org.apache.jmeter.control.GenericController.fireIterEvents(GenericController.java:404) ~[ApacheJMeter_core.jar:5.6.3]
	at org.apache.jmeter.control.GenericController.next(GenericController.java:170) ~[ApacheJMeter_core.jar:5.6.3]
	at org.apache.jmeter.control.LoopController.next(LoopController.java:119) ~[ApacheJMeter_core.jar:5.6.3]
	at org.apache.jmeter.threads.AbstractThreadGroup.next(AbstractThreadGroup.java:109) ~[ApacheJMeter_core.jar:5.6.3]
	at org.apache.jmeter.threads.JMeterThread.run(JMeterThread.java:266) [ApacheJMeter_core.jar:5.6.3]
	at java.lang.Thread.run(Unknown Source) [?:1.8.0_481]
2026-03-25 20:03:07,464 INFO o.a.j.t.JMeterThread: Thread finished: Carga de Utilizadores 1-1
2026-03-25 20:03:08,456 INFO o.a.j.t.JMeterThread: Thread started: Carga de Utilizadores 1-2
2026-03-25 20:03:08,456 ERROR o.a.j.t.JMeterThread: Test failed!
java.lang.IllegalArgumentException: File usuarios.csv must exist and be readable
	at org.apache.jmeter.services.FileServer.createBufferedReader(FileServer.java:424) ~[ApacheJMeter_core.jar:5.6.3]
	at org.apache.jmeter.services.FileServer.readLine(FileServer.java:340) ~[ApacheJMeter_core.jar:5.6.3]
	at org.apache.jmeter.config.CSVDataSet.iterationStart(CSVDataSet.java:182) ~[ApacheJMeter_components.jar:5.6.3]
	at org.apache.jmeter.control.GenericController.fireIterationStart(GenericController.java:412) ~[ApacheJMeter_core.jar:5.6.3]
	at org.apache.jmeter.control.GenericController.fireIterEvents(GenericController.java:404) ~[ApacheJMeter_core.jar:5.6.3]
	at org.apache.jmeter.control.GenericController.next(GenericController.java:170) ~[ApacheJMeter_core.jar:5.6.3]
	at org.apache.jmeter.control.LoopController.next(LoopController.java:119) ~[ApacheJMeter_core.jar:5.6.3]
	at org.apache.jmeter.threads.AbstractThreadGroup.next(AbstractThreadGroup.java:109) ~[ApacheJMeter_core.jar:5.6.3]
	at org.apache.jmeter.threads.JMeterThread.run(JMeterThread.java:266) [ApacheJMeter_core.jar:5.6.3]
	at java.lang.Thread.run(Unknown Source) [?:1.8.0_481]
2026-03-25 20:03:08,456 INFO o.a.j.t.JMeterThread: Thread finished: Carga de Utilizadores 1-2
2026-03-25 20:03:09,455 INFO o.a.j.t.JMeterThread: Thread started: Carga de Utilizadores 1-3
2026-03-25 20:03:09,455 ERROR o.a.j.t.JMeterThread: Test failed!
java.lang.IllegalArgumentException: File usuarios.csv must exist and be readable
	at org.apache.jmeter.services.FileServer.createBufferedReader(FileServer.java:424) ~[ApacheJMeter_core.jar:5.6.3]
	at org.apache.jmeter.services.FileServer.readLine(FileServer.java:340) ~[ApacheJMeter_core.jar:5.6.3]
	at org.apache.jmeter.config.CSVDataSet.iterationStart(CSVDataSet.java:182) ~[ApacheJMeter_components.jar:5.6.3]
	at org.apache.jmeter.control.GenericController.fireIterationStart(GenericController.java:412) ~[ApacheJMeter_core.jar:5.6.3]
	at org.apache.jmeter.control.GenericController.fireIterEvents(GenericController.java:404) ~[ApacheJMeter_core.jar:5.6.3]
	at org.apache.jmeter.control.GenericController.next(GenericController.java:170) ~[ApacheJMeter_core.jar:5.6.3]
	at org.apache.jmeter.control.LoopController.next(LoopController.java:119) ~[ApacheJMeter_core.jar:5.6.3]
	at org.apache.jmeter.threads.AbstractThreadGroup.next(AbstractThreadGroup.java:109) ~[ApacheJMeter_core.jar:5.6.3]
	at org.apache.jmeter.threads.JMeterThread.run(JMeterThread.java:266) [ApacheJMeter_core.jar:5.6.3]
	at java.lang.Thread.run(Unknown Source) [?:1.8.0_481]
2026-03-25 20:03:09,455 INFO o.a.j.t.JMeterThread: Thread finished: Carga de Utilizadores 1-3
2026-03-25 20:03:10,456 INFO o.a.j.t.JMeterThread: Thread started: Carga de Utilizadores 1-4
2026-03-25 20:03:10,456 ERROR o.a.j.t.JMeterThread: Test failed!
java.lang.IllegalArgumentException: File usuarios.csv must exist and be readable
	at org.apache.jmeter.services.FileServer.createBufferedReader(FileServer.java:424) ~[ApacheJMeter_core.jar:5.6.3]
	at org.apache.jmeter.services.FileServer.readLine(FileServer.java:340) ~[ApacheJMeter_core.jar:5.6.3]
	at org.apache.jmeter.config.CSVDataSet.iterationStart(CSVDataSet.java:182) ~[ApacheJMeter_components.jar:5.6.3]
	at org.apache.jmeter.control.GenericController.fireIterationStart(GenericController.java:412) ~[ApacheJMeter_core.jar:5.6.3]
	at org.apache.jmeter.control.GenericController.fireIterEvents(GenericController.java:404) ~[ApacheJMeter_core.jar:5.6.3]
	at org.apache.jmeter.control.GenericController.next(GenericController.java:170) ~[ApacheJMeter_core.jar:5.6.3]
	at org.apache.jmeter.control.LoopController.next(LoopController.java:119) ~[ApacheJMeter_core.jar:5.6.3]
	at org.apache.jmeter.threads.AbstractThreadGroup.next(AbstractThreadGroup.java:109) ~[ApacheJMeter_core.jar:5.6.3]
	at org.apache.jmeter.threads.JMeterThread.run(JMeterThread.java:266) [ApacheJMeter_core.jar:5.6.3]
	at java.lang.Thread.run(Unknown Source) [?:1.8.0_481]
2026-03-25 20:03:10,456 INFO o.a.j.t.JMeterThread: Thread finished: Carga de Utilizadores 1-4
2026-03-25 20:03:11,452 INFO o.a.j.t.JMeterThread: Thread started: Carga de Utilizadores 1-5
2026-03-25 20:03:11,453 ERROR o.a.j.t.JMeterThread: Test failed!
java.lang.IllegalArgumentException: File usuarios.csv must exist and be readable
	at org.apache.jmeter.services.FileServer.createBufferedReader(FileServer.java:424) ~[ApacheJMeter_core.jar:5.6.3]
	at org.apache.jmeter.services.FileServer.readLine(FileServer.java:340) ~[ApacheJMeter_core.jar:5.6.3]
	at org.apache.jmeter.config.CSVDataSet.iterationStart(CSVDataSet.java:182) ~[ApacheJMeter_components.jar:5.6.3]
	at org.apache.jmeter.control.GenericController.fireIterationStart(GenericController.java:412) ~[ApacheJMeter_core.jar:5.6.3]
	at org.apache.jmeter.control.GenericController.fireIterEvents(GenericController.java:404) ~[ApacheJMeter_core.jar:5.6.3]
	at org.apache.jmeter.control.GenericController.next(GenericController.java:170) ~[ApacheJMeter_core.jar:5.6.3]
	at org.apache.jmeter.control.LoopController.next(LoopController.java:119) ~[ApacheJMeter_core.jar:5.6.3]
	at org.apache.jmeter.threads.AbstractThreadGroup.next(AbstractThreadGroup.java:109) ~[ApacheJMeter_core.jar:5.6.3]
	at org.apache.jmeter.threads.JMeterThread.run(JMeterThread.java:266) [ApacheJMeter_core.jar:5.6.3]
	at java.lang.Thread.run(Unknown Source) [?:1.8.0_481]
2026-03-25 20:03:11,453 INFO o.a.j.t.JMeterThread: Thread finished: Carga de Utilizadores 1-5
2026-03-25 20:03:11,455 INFO o.a.j.e.StandardJMeterEngine: Notifying test listeners of end of test
2026-03-25 20:03:11,458 INFO o.a.j.r.Summariser: summary =      0 in 00:00:00 = ******/s Avg:     0 Min: 9223372036854775807 Max: -9223372036854775808 Err:     0 (0.00%)
