2026-03-25 20:05:43,422 INFO o.a.j.u.JMeterUtils: Setting Locale to pt_BR
2026-03-25 20:05:43,435 INFO o.a.j.JMeter: Loading user properties from: user.properties
2026-03-25 20:05:43,436 INFO o.a.j.JMeter: Loading system properties from: system.properties
2026-03-25 20:05:43,439 INFO o.a.j.JMeter: Copyright (c) 1998-2024 The Apache Software Foundation
2026-03-25 20:05:43,441 INFO o.a.j.JMeter: Version 5.6.3
2026-03-25 20:05:43,441 INFO o.a.j.JMeter: java.version=1.8.0_481
2026-03-25 20:05:43,441 INFO o.a.j.JMeter: java.vm.name=Java HotSpot(TM) Client VM
2026-03-25 20:05:43,441 INFO o.a.j.JMeter: os.name=Windows 11
2026-03-25 20:05:43,441 INFO o.a.j.JMeter: os.arch=x86
2026-03-25 20:05:43,441 INFO o.a.j.JMeter: os.version=10.0
2026-03-25 20:05:43,441 INFO o.a.j.JMeter: file.encoding=Cp1252
2026-03-25 20:05:43,441 INFO o.a.j.JMeter: java.awt.headless=null
2026-03-25 20:05:43,441 INFO o.a.j.JMeter: Max memory     =259522560
2026-03-25 20:05:43,441 INFO o.a.j.JMeter: Available Processors =8
2026-03-25 20:05:43,445 INFO o.a.j.JMeter: Default Locale=português (Brasil)
2026-03-25 20:05:43,445 INFO o.a.j.JMeter: JMeter  Locale=português (Brasil)
2026-03-25 20:05:43,445 INFO o.a.j.JMeter: JMeterHome=D:\TESTES COM JMETER\JMETER\apache-jmeter-5.6.3
2026-03-25 20:05:43,445 INFO o.a.j.JMeter: user.dir  =D:\TESTES COM JMETER\JMETER\apache-jmeter-5.6.3\bin
2026-03-25 20:05:43,445 INFO o.a.j.JMeter: PWD       =D:\TESTES COM JMETER\JMETER\apache-jmeter-5.6.3\bin
2026-03-25 20:05:43,448 INFO o.a.j.JMeter: IP: 192.168.1.9 Name: Natanael FullName: Natanael
2026-03-25 20:05:43,466 INFO o.a.j.JMeter: Loaded icon properties from org/apache/jmeter/images/icon.properties
2026-03-25 20:05:43,599 INFO o.a.j.JMeterGuiLauncher: Setting LAF to: com.github.weisj.darklaf.DarkLaf:com.github.weisj.darklaf.theme.DarculaTheme
2026-03-25 20:06:38,089 INFO o.a.j.s.FileServer: Default base='D:\TESTES COM JMETER\JMETER\apache-jmeter-5.6.3\bin'
2026-03-25 20:06:38,090 INFO o.a.j.g.a.Load: Loading file: D:\TESTES COM JMETER\JMETER\Secao6-Ambiente completo\pronto.jmx
2026-03-25 20:06:38,090 INFO o.a.j.s.FileServer: Set new base='D:\TESTES COM JMETER\JMETER\Secao6-Ambiente completo'
2026-03-25 20:06:38,220 INFO o.a.j.s.SaveService: Testplan (JMX) version: 2.2. Testlog (JTL) version: 2.2
2026-03-25 20:06:38,240 INFO o.a.j.s.SaveService: Using SaveService properties file encoding UTF-8
2026-03-25 20:06:38,241 INFO o.a.j.s.SaveService: Using SaveService properties version 5.0
2026-03-25 20:06:38,243 INFO o.a.j.s.SaveService: Loading file: D:\TESTES COM JMETER\JMETER\Secao6-Ambiente completo\pronto.jmx
2026-03-25 20:06:38,277 INFO o.a.j.p.h.s.HTTPSamplerBase: Parser for text/html is org.apache.jmeter.protocol.http.parser.LagartoBasedHtmlParser
2026-03-25 20:06:38,277 INFO o.a.j.p.h.s.HTTPSamplerBase: Parser for application/xhtml+xml is org.apache.jmeter.protocol.http.parser.LagartoBasedHtmlParser
2026-03-25 20:06:38,277 INFO o.a.j.p.h.s.HTTPSamplerBase: Parser for application/xml is org.apache.jmeter.protocol.http.parser.LagartoBasedHtmlParser
2026-03-25 20:06:38,277 INFO o.a.j.p.h.s.HTTPSamplerBase: Parser for text/xml is org.apache.jmeter.protocol.http.parser.LagartoBasedHtmlParser
2026-03-25 20:06:38,277 INFO o.a.j.p.h.s.HTTPSamplerBase: Parser for text/vnd.wap.wml is org.apache.jmeter.protocol.http.parser.RegexpHTMLParser
2026-03-25 20:06:38,277 INFO o.a.j.p.h.s.HTTPSamplerBase: Parser for text/css is org.apache.jmeter.protocol.http.parser.CssParser
2026-03-25 20:06:38,563 INFO o.a.j.s.SampleResult: Note: Sample TimeStamps are START times
2026-03-25 20:06:38,563 INFO o.a.j.s.SampleResult: sampleresult.default.encoding is set to UTF-8
2026-03-25 20:06:38,563 INFO o.a.j.s.SampleResult: sampleresult.useNanoTime=true
2026-03-25 20:06:38,564 INFO o.a.j.s.SampleResult: sampleresult.nanoThreadSleep=5000
2026-03-25 20:06:38,732 INFO o.a.j.s.FileServer: Set new base='D:\TESTES COM JMETER\JMETER\Secao6-Ambiente completo'
2026-03-25 20:08:39,212 INFO o.a.j.e.StandardJMeterEngine: Running the test!
2026-03-25 20:08:39,212 INFO o.a.j.s.SampleEvent: List of sample_variables: []
2026-03-25 20:08:39,213 INFO o.a.j.s.SampleEvent: List of sample_variables: []
2026-03-25 20:08:39,213 INFO o.a.j.e.u.CompoundVariable: Note: Function class names must contain the string: '.functions.'
2026-03-25 20:08:39,213 INFO o.a.j.e.u.CompoundVariable: Note: Function class names must not contain the string: '.gui.'
2026-03-25 20:08:39,507 INFO o.a.j.g.u.JMeterMenuBar: setRunning(true, *local*)
2026-03-25 20:08:39,560 INFO o.a.j.e.StandardJMeterEngine: Starting ThreadGroup: 1 : Carga de Utilizadores
2026-03-25 20:08:39,560 INFO o.a.j.e.StandardJMeterEngine: Starting 5 threads for group Carga de Utilizadores.
2026-03-25 20:08:39,560 INFO o.a.j.e.StandardJMeterEngine: Thread will continue on error
2026-03-25 20:08:39,560 INFO o.a.j.t.ThreadGroup: Starting thread group... number=1 threads=5 ramp-up=5 delayedStart=false
2026-03-25 20:08:39,569 INFO o.a.j.t.ThreadGroup: Started thread group number 1
2026-03-25 20:08:39,569 INFO o.a.j.e.StandardJMeterEngine: All thread groups have been started
2026-03-25 20:08:39,573 INFO o.a.j.t.JMeterThread: Thread started: Carga de Utilizadores 1-1
2026-03-25 20:08:39,574 INFO o.a.j.s.FileServer: Stored: usuarios.csv
2026-03-25 20:08:39,574 ERROR o.a.j.t.JMeterThread: Test failed!
java.lang.IllegalArgumentException: File usuarios.csv must exist and be readable
	at org.apache.jmeter.services.FileServer.createBufferedReader(FileServer.java:424) ~[ApacheJMeter_core.jar:5.6.3]
	at org.apache.jmeter.services.FileServer.readLine(FileServer.java:340) ~[ApacheJMeter_core.jar:5.6.3]
	at org.apache.jmeter.config.CSVDataSet.iterationStart(CSVDataSet.java:182) ~[ApacheJMeter_components.jar:5.6.3]
	at org.apache.jmeter.control.GenericController.fireIterationStart(GenericController.java:412) ~[ApacheJMeter_core.jar:5.6.3]
	at org.apache.jmeter.control.GenericController.fireIterEvents(GenericController.java:404) ~[ApacheJMeter_core.jar:5.6.3]
	at org.apache.jmeter.control.GenericController.next(GenericController.java:170) ~[ApacheJMeter_core.jar:5.6.3]
	at org.apache.jmeter.control.LoopController.next(LoopController.java:119) ~[ApacheJMeter_core.jar:5.6.3]
	at org.apache.jmeter.threads.AbstractThreadGroup.next(AbstractThreadGroup.java:109) ~[ApacheJMeter_core.jar:5.6.3]
	at org.apache.jmeter.threads.JMeterThread.run(JMeterThread.java:266) [ApacheJMeter_core.jar:5.6.3]
	at java.lang.Thread.run(Unknown Source) [?:1.8.0_481]
2026-03-25 20:08:39,579 INFO o.a.j.t.JMeterThread: Thread finished: Carga de Utilizadores 1-1
2026-03-25 20:08:40,570 INFO o.a.j.t.JMeterThread: Thread started: Carga de Utilizadores 1-2
2026-03-25 20:08:40,572 ERROR o.a.j.t.JMeterThread: Test failed!
java.lang.IllegalArgumentException: File usuarios.csv must exist and be readable
	at org.apache.jmeter.services.FileServer.createBufferedReader(FileServer.java:424) ~[ApacheJMeter_core.jar:5.6.3]
	at org.apache.jmeter.services.FileServer.readLine(FileServer.java:340) ~[ApacheJMeter_core.jar:5.6.3]
	at org.apache.jmeter.config.CSVDataSet.iterationStart(CSVDataSet.java:182) ~[ApacheJMeter_components.jar:5.6.3]
	at org.apache.jmeter.control.GenericController.fireIterationStart(GenericController.java:412) ~[ApacheJMeter_core.jar:5.6.3]
	at org.apache.jmeter.control.GenericController.fireIterEvents(GenericController.java:404) ~[ApacheJMeter_core.jar:5.6.3]
	at org.apache.jmeter.control.GenericController.next(GenericController.java:170) ~[ApacheJMeter_core.jar:5.6.3]
	at org.apache.jmeter.control.LoopController.next(LoopController.java:119) ~[ApacheJMeter_core.jar:5.6.3]
	at org.apache.jmeter.threads.AbstractThreadGroup.next(AbstractThreadGroup.java:109) ~[ApacheJMeter_core.jar:5.6.3]
	at org.apache.jmeter.threads.JMeterThread.run(JMeterThread.java:266) [ApacheJMeter_core.jar:5.6.3]
	at java.lang.Thread.run(Unknown Source) [?:1.8.0_481]
2026-03-25 20:08:40,573 INFO o.a.j.t.JMeterThread: Thread finished: Carga de Utilizadores 1-2
2026-03-25 20:08:41,568 INFO o.a.j.t.JMeterThread: Thread started: Carga de Utilizadores 1-3
2026-03-25 20:08:41,568 ERROR o.a.j.t.JMeterThread: Test failed!
java.lang.IllegalArgumentException: File usuarios.csv must exist and be readable
	at org.apache.jmeter.services.FileServer.createBufferedReader(FileServer.java:424) ~[ApacheJMeter_core.jar:5.6.3]
	at org.apache.jmeter.services.FileServer.readLine(FileServer.java:340) ~[ApacheJMeter_core.jar:5.6.3]
	at org.apache.jmeter.config.CSVDataSet.iterationStart(CSVDataSet.java:182) ~[ApacheJMeter_components.jar:5.6.3]
	at org.apache.jmeter.control.GenericController.fireIterationStart(GenericController.java:412) ~[ApacheJMeter_core.jar:5.6.3]
	at org.apache.jmeter.control.GenericController.fireIterEvents(GenericController.java:404) ~[ApacheJMeter_core.jar:5.6.3]
	at org.apache.jmeter.control.GenericController.next(GenericController.java:170) ~[ApacheJMeter_core.jar:5.6.3]
	at org.apache.jmeter.control.LoopController.next(LoopController.java:119) ~[ApacheJMeter_core.jar:5.6.3]
	at org.apache.jmeter.threads.AbstractThreadGroup.next(AbstractThreadGroup.java:109) ~[ApacheJMeter_core.jar:5.6.3]
	at org.apache.jmeter.threads.JMeterThread.run(JMeterThread.java:266) [ApacheJMeter_core.jar:5.6.3]
	at java.lang.Thread.run(Unknown Source) [?:1.8.0_481]
2026-03-25 20:08:41,568 INFO o.a.j.t.JMeterThread: Thread finished: Carga de Utilizadores 1-3
2026-03-25 20:08:42,568 INFO o.a.j.t.JMeterThread: Thread started: Carga de Utilizadores 1-4
2026-03-25 20:08:42,569 ERROR o.a.j.t.JMeterThread: Test failed!
java.lang.IllegalArgumentException: File usuarios.csv must exist and be readable
	at org.apache.jmeter.services.FileServer.createBufferedReader(FileServer.java:424) ~[ApacheJMeter_core.jar:5.6.3]
	at org.apache.jmeter.services.FileServer.readLine(FileServer.java:340) ~[ApacheJMeter_core.jar:5.6.3]
	at org.apache.jmeter.config.CSVDataSet.iterationStart(CSVDataSet.java:182) ~[ApacheJMeter_components.jar:5.6.3]
	at org.apache.jmeter.control.GenericController.fireIterationStart(GenericController.java:412) ~[ApacheJMeter_core.jar:5.6.3]
	at org.apache.jmeter.control.GenericController.fireIterEvents(GenericController.java:404) ~[ApacheJMeter_core.jar:5.6.3]
	at org.apache.jmeter.control.GenericController.next(GenericController.java:170) ~[ApacheJMeter_core.jar:5.6.3]
	at org.apache.jmeter.control.LoopController.next(LoopController.java:119) ~[ApacheJMeter_core.jar:5.6.3]
	at org.apache.jmeter.threads.AbstractThreadGroup.next(AbstractThreadGroup.java:109) ~[ApacheJMeter_core.jar:5.6.3]
	at org.apache.jmeter.threads.JMeterThread.run(JMeterThread.java:266) [ApacheJMeter_core.jar:5.6.3]
	at java.lang.Thread.run(Unknown Source) [?:1.8.0_481]
2026-03-25 20:08:42,569 INFO o.a.j.t.JMeterThread: Thread finished: Carga de Utilizadores 1-4
2026-03-25 20:08:43,566 INFO o.a.j.t.JMeterThread: Thread started: Carga de Utilizadores 1-5
2026-03-25 20:08:43,566 ERROR o.a.j.t.JMeterThread: Test failed!
java.lang.IllegalArgumentException: File usuarios.csv must exist and be readable
	at org.apache.jmeter.services.FileServer.createBufferedReader(FileServer.java:424) ~[ApacheJMeter_core.jar:5.6.3]
	at org.apache.jmeter.services.FileServer.readLine(FileServer.java:340) ~[ApacheJMeter_core.jar:5.6.3]
	at org.apache.jmeter.config.CSVDataSet.iterationStart(CSVDataSet.java:182) ~[ApacheJMeter_components.jar:5.6.3]
	at org.apache.jmeter.control.GenericController.fireIterationStart(GenericController.java:412) ~[ApacheJMeter_core.jar:5.6.3]
	at org.apache.jmeter.control.GenericController.fireIterEvents(GenericController.java:404) ~[ApacheJMeter_core.jar:5.6.3]
	at org.apache.jmeter.control.GenericController.next(GenericController.java:170) ~[ApacheJMeter_core.jar:5.6.3]
	at org.apache.jmeter.control.LoopController.next(LoopController.java:119) ~[ApacheJMeter_core.jar:5.6.3]
	at org.apache.jmeter.threads.AbstractThreadGroup.next(AbstractThreadGroup.java:109) ~[ApacheJMeter_core.jar:5.6.3]
	at org.apache.jmeter.threads.JMeterThread.run(JMeterThread.java:266) [ApacheJMeter_core.jar:5.6.3]
	at java.lang.Thread.run(Unknown Source) [?:1.8.0_481]
2026-03-25 20:08:43,566 INFO o.a.j.t.JMeterThread: Thread finished: Carga de Utilizadores 1-5
2026-03-25 20:08:43,566 INFO o.a.j.e.StandardJMeterEngine: Notifying test listeners of end of test
2026-03-25 20:08:43,567 INFO o.a.j.g.u.JMeterMenuBar: setRunning(false, *local*)
2026-03-25 20:08:57,350 INFO o.a.j.e.StandardJMeterEngine: Running the test!
2026-03-25 20:08:57,351 INFO o.a.j.s.SampleEvent: List of sample_variables: []
2026-03-25 20:08:57,356 INFO o.a.j.g.u.JMeterMenuBar: setRunning(true, *local*)
2026-03-25 20:08:57,411 INFO o.a.j.e.StandardJMeterEngine: Starting ThreadGroup: 1 : Carga de Utilizadores
2026-03-25 20:08:57,412 INFO o.a.j.e.StandardJMeterEngine: Starting 5 threads for group Carga de Utilizadores.
2026-03-25 20:08:57,412 INFO o.a.j.e.StandardJMeterEngine: Thread will continue on error
2026-03-25 20:08:57,412 INFO o.a.j.t.ThreadGroup: Starting thread group... number=1 threads=5 ramp-up=5 delayedStart=false
2026-03-25 20:08:57,415 INFO o.a.j.t.JMeterThread: Thread started: Carga de Utilizadores 1-1
2026-03-25 20:08:57,415 INFO o.a.j.s.FileServer: Stored: usuarios.csv
2026-03-25 20:08:57,415 ERROR o.a.j.t.JMeterThread: Test failed!
java.lang.IllegalArgumentException: File usuarios.csv must exist and be readable
	at org.apache.jmeter.services.FileServer.createBufferedReader(FileServer.java:424) ~[ApacheJMeter_core.jar:5.6.3]
	at org.apache.jmeter.services.FileServer.readLine(FileServer.java:340) ~[ApacheJMeter_core.jar:5.6.3]
	at org.apache.jmeter.config.CSVDataSet.iterationStart(CSVDataSet.java:182) ~[ApacheJMeter_components.jar:5.6.3]
	at org.apache.jmeter.control.GenericController.fireIterationStart(GenericController.java:412) ~[ApacheJMeter_core.jar:5.6.3]
	at org.apache.jmeter.control.GenericController.fireIterEvents(GenericController.java:404) ~[ApacheJMeter_core.jar:5.6.3]
	at org.apache.jmeter.control.GenericController.next(GenericController.java:170) ~[ApacheJMeter_core.jar:5.6.3]
	at org.apache.jmeter.control.LoopController.next(LoopController.java:119) ~[ApacheJMeter_core.jar:5.6.3]
	at org.apache.jmeter.threads.AbstractThreadGroup.next(AbstractThreadGroup.java:109) ~[ApacheJMeter_core.jar:5.6.3]
	at org.apache.jmeter.threads.JMeterThread.run(JMeterThread.java:266) [ApacheJMeter_core.jar:5.6.3]
	at java.lang.Thread.run(Unknown Source) [?:1.8.0_481]
2026-03-25 20:08:57,415 INFO o.a.j.t.JMeterThread: Thread finished: Carga de Utilizadores 1-1
2026-03-25 20:08:57,416 INFO o.a.j.t.ThreadGroup: Started thread group number 1
2026-03-25 20:08:57,416 INFO o.a.j.e.StandardJMeterEngine: All thread groups have been started
2026-03-25 20:08:58,418 INFO o.a.j.t.JMeterThread: Thread started: Carga de Utilizadores 1-2
2026-03-25 20:08:58,418 ERROR o.a.j.t.JMeterThread: Test failed!
java.lang.IllegalArgumentException: File usuarios.csv must exist and be readable
	at org.apache.jmeter.services.FileServer.createBufferedReader(FileServer.java:424) ~[ApacheJMeter_core.jar:5.6.3]
	at org.apache.jmeter.services.FileServer.readLine(FileServer.java:340) ~[ApacheJMeter_core.jar:5.6.3]
	at org.apache.jmeter.config.CSVDataSet.iterationStart(CSVDataSet.java:182) ~[ApacheJMeter_components.jar:5.6.3]
	at org.apache.jmeter.control.GenericController.fireIterationStart(GenericController.java:412) ~[ApacheJMeter_core.jar:5.6.3]
	at org.apache.jmeter.control.GenericController.fireIterEvents(GenericController.java:404) ~[ApacheJMeter_core.jar:5.6.3]
	at org.apache.jmeter.control.GenericController.next(GenericController.java:170) ~[ApacheJMeter_core.jar:5.6.3]
	at org.apache.jmeter.control.LoopController.next(LoopController.java:119) ~[ApacheJMeter_core.jar:5.6.3]
	at org.apache.jmeter.threads.AbstractThreadGroup.next(AbstractThreadGroup.java:109) ~[ApacheJMeter_core.jar:5.6.3]
	at org.apache.jmeter.threads.JMeterThread.run(JMeterThread.java:266) [ApacheJMeter_core.jar:5.6.3]
	at java.lang.Thread.run(Unknown Source) [?:1.8.0_481]
2026-03-25 20:08:58,419 INFO o.a.j.t.JMeterThread: Thread finished: Carga de Utilizadores 1-2
2026-03-25 20:08:59,415 INFO o.a.j.t.JMeterThread: Thread started: Carga de Utilizadores 1-3
2026-03-25 20:08:59,415 ERROR o.a.j.t.JMeterThread: Test failed!
java.lang.IllegalArgumentException: File usuarios.csv must exist and be readable
	at org.apache.jmeter.services.FileServer.createBufferedReader(FileServer.java:424) ~[ApacheJMeter_core.jar:5.6.3]
	at org.apache.jmeter.services.FileServer.readLine(FileServer.java:340) ~[ApacheJMeter_core.jar:5.6.3]
	at org.apache.jmeter.config.CSVDataSet.iterationStart(CSVDataSet.java:182) ~[ApacheJMeter_components.jar:5.6.3]
	at org.apache.jmeter.control.GenericController.fireIterationStart(GenericController.java:412) ~[ApacheJMeter_core.jar:5.6.3]
	at org.apache.jmeter.control.GenericController.fireIterEvents(GenericController.java:404) ~[ApacheJMeter_core.jar:5.6.3]
	at org.apache.jmeter.control.GenericController.next(GenericController.java:170) ~[ApacheJMeter_core.jar:5.6.3]
	at org.apache.jmeter.control.LoopController.next(LoopController.java:119) ~[ApacheJMeter_core.jar:5.6.3]
	at org.apache.jmeter.threads.AbstractThreadGroup.next(AbstractThreadGroup.java:109) ~[ApacheJMeter_core.jar:5.6.3]
	at org.apache.jmeter.threads.JMeterThread.run(JMeterThread.java:266) [ApacheJMeter_core.jar:5.6.3]
	at java.lang.Thread.run(Unknown Source) [?:1.8.0_481]
2026-03-25 20:08:59,415 INFO o.a.j.t.JMeterThread: Thread finished: Carga de Utilizadores 1-3
2026-03-25 20:09:00,412 INFO o.a.j.t.JMeterThread: Thread started: Carga de Utilizadores 1-4
2026-03-25 20:09:00,412 ERROR o.a.j.t.JMeterThread: Test failed!
java.lang.IllegalArgumentException: File usuarios.csv must exist and be readable
	at org.apache.jmeter.services.FileServer.createBufferedReader(FileServer.java:424) ~[ApacheJMeter_core.jar:5.6.3]
	at org.apache.jmeter.services.FileServer.readLine(FileServer.java:340) ~[ApacheJMeter_core.jar:5.6.3]
	at org.apache.jmeter.config.CSVDataSet.iterationStart(CSVDataSet.java:182) ~[ApacheJMeter_components.jar:5.6.3]
	at org.apache.jmeter.control.GenericController.fireIterationStart(GenericController.java:412) ~[ApacheJMeter_core.jar:5.6.3]
	at org.apache.jmeter.control.GenericController.fireIterEvents(GenericController.java:404) ~[ApacheJMeter_core.jar:5.6.3]
	at org.apache.jmeter.control.GenericController.next(GenericController.java:170) ~[ApacheJMeter_core.jar:5.6.3]
	at org.apache.jmeter.control.LoopController.next(LoopController.java:119) ~[ApacheJMeter_core.jar:5.6.3]
	at org.apache.jmeter.threads.AbstractThreadGroup.next(AbstractThreadGroup.java:109) ~[ApacheJMeter_core.jar:5.6.3]
	at org.apache.jmeter.threads.JMeterThread.run(JMeterThread.java:266) [ApacheJMeter_core.jar:5.6.3]
	at java.lang.Thread.run(Unknown Source) [?:1.8.0_481]
2026-03-25 20:09:00,412 INFO o.a.j.t.JMeterThread: Thread finished: Carga de Utilizadores 1-4
2026-03-25 20:09:01,415 INFO o.a.j.t.JMeterThread: Thread started: Carga de Utilizadores 1-5
2026-03-25 20:09:01,415 ERROR o.a.j.t.JMeterThread: Test failed!
java.lang.IllegalArgumentException: File usuarios.csv must exist and be readable
	at org.apache.jmeter.services.FileServer.createBufferedReader(FileServer.java:424) ~[ApacheJMeter_core.jar:5.6.3]
	at org.apache.jmeter.services.FileServer.readLine(FileServer.java:340) ~[ApacheJMeter_core.jar:5.6.3]
	at org.apache.jmeter.config.CSVDataSet.iterationStart(CSVDataSet.java:182) ~[ApacheJMeter_components.jar:5.6.3]
	at org.apache.jmeter.control.GenericController.fireIterationStart(GenericController.java:412) ~[ApacheJMeter_core.jar:5.6.3]
	at org.apache.jmeter.control.GenericController.fireIterEvents(GenericController.java:404) ~[ApacheJMeter_core.jar:5.6.3]
	at org.apache.jmeter.control.GenericController.next(GenericController.java:170) ~[ApacheJMeter_core.jar:5.6.3]
	at org.apache.jmeter.control.LoopController.next(LoopController.java:119) ~[ApacheJMeter_core.jar:5.6.3]
	at org.apache.jmeter.threads.AbstractThreadGroup.next(AbstractThreadGroup.java:109) ~[ApacheJMeter_core.jar:5.6.3]
	at org.apache.jmeter.threads.JMeterThread.run(JMeterThread.java:266) [ApacheJMeter_core.jar:5.6.3]
	at java.lang.Thread.run(Unknown Source) [?:1.8.0_481]
2026-03-25 20:09:01,417 INFO o.a.j.t.JMeterThread: Thread finished: Carga de Utilizadores 1-5
2026-03-25 20:09:01,417 INFO o.a.j.e.StandardJMeterEngine: Notifying test listeners of end of test
2026-03-25 20:09:01,417 INFO o.a.j.g.u.JMeterMenuBar: setRunning(false, *local*)
2026-03-25 20:12:48,364 WARN o.a.j.s.CSVSaveService: Unknown column name usuario
2026-03-25 20:12:48,366 WARN o.a.j.s.CSVSaveService: Unknown column name usuario
2026-03-25 20:12:48,366 INFO o.a.j.s.CSVSaveService: D:\TESTES COM JMETER\JMETER\Secao6-Ambiente completo\usuarios.csv does not appear to have a valid header. Using default configuration.
2026-03-25 20:12:48,367 WARN o.a.j.s.CSVSaveService: Cannot parse timestamp: 'usuario', will try following formats [yyyy/MM/dd HH:mm:ss.SSS, yyyy/MM/dd HH:mm:ss, yyyy-MM-dd HH:mm:ss.SSS, yyyy-MM-dd HH:mm:ss, MM/dd/yy HH:mm:ss]
2026-03-25 20:12:48,367 INFO o.a.j.s.CSVSaveService: usuario did not match yyyy/MM/dd HH:mm:ss.SSS, trying next date format
2026-03-25 20:12:48,367 INFO o.a.j.s.CSVSaveService: usuario did not match yyyy/MM/dd HH:mm:ss, trying next date format
2026-03-25 20:12:48,367 INFO o.a.j.s.CSVSaveService: usuario did not match yyyy-MM-dd HH:mm:ss.SSS, trying next date format
2026-03-25 20:12:48,367 INFO o.a.j.s.CSVSaveService: usuario did not match yyyy-MM-dd HH:mm:ss, trying next date format
2026-03-25 20:12:48,367 INFO o.a.j.s.CSVSaveService: usuario did not match MM/dd/yy HH:mm:ss, trying next date format
2026-03-25 20:12:48,367 WARN o.a.j.s.CSVSaveService: Error parsing field 'timeStamp' at line 1. java.text.ParseException: No date-time format found matching usuario
2026-03-25 20:12:48,369 WARN o.a.j.r.ResultCollector: Problem reading JTL file: D:\TESTES COM JMETER\JMETER\Secao6-Ambiente completo\usuarios.csv
org.apache.jorphan.util.JMeterError: java.text.ParseException: No date-time format found matching usuario
	at org.apache.jmeter.save.CSVSaveService.makeResultFromDelimitedString(CSVSaveService.java:390) ~[ApacheJMeter_core.jar:5.6.3]
	at org.apache.jmeter.save.CSVSaveService.processSamples(CSVSaveService.java:182) ~[ApacheJMeter_core.jar:5.6.3]
	at org.apache.jmeter.reporters.ResultCollector.loadExistingFile(ResultCollector.java:379) [ApacheJMeter_core.jar:5.6.3]
	at org.apache.jmeter.visualizers.gui.AbstractVisualizer.stateChanged(AbstractVisualizer.java:247) [ApacheJMeter_core.jar:5.6.3]
	at org.apache.jmeter.gui.util.FilePanelEntry.fireFileChanged(FilePanelEntry.java:140) [ApacheJMeter_core.jar:5.6.3]
	at org.apache.jmeter.gui.util.FilePanelEntry.actionPerformed(FilePanelEntry.java:155) [ApacheJMeter_core.jar:5.6.3]
	at javax.swing.AbstractButton.fireActionPerformed(Unknown Source) [?:1.8.0_481]
	at javax.swing.AbstractButton$Handler.actionPerformed(Unknown Source) [?:1.8.0_481]
	at javax.swing.DefaultButtonModel.fireActionPerformed(Unknown Source) [?:1.8.0_481]
	at javax.swing.DefaultButtonModel.setPressed(Unknown Source) [?:1.8.0_481]
	at javax.swing.plaf.basic.BasicButtonListener.mouseReleased(Unknown Source) [?:1.8.0_481]
	at com.github.weisj.darklaf.ui.button.DarkButtonListener.mouseReleased(DarkButtonListener.java:72) [darklaf-core-2.7.3.jar:2.7.3]
	at java.awt.Component.processMouseEvent(Unknown Source) [?:1.8.0_481]
	at javax.swing.JComponent.processMouseEvent(Unknown Source) [?:1.8.0_481]
	at java.awt.Component.processEvent(Unknown Source) [?:1.8.0_481]
	at java.awt.Container.processEvent(Unknown Source) [?:1.8.0_481]
	at java.awt.Component.dispatchEventImpl(Unknown Source) [?:1.8.0_481]
	at java.awt.Container.dispatchEventImpl(Unknown Source) [?:1.8.0_481]
	at java.awt.Component.dispatchEvent(Unknown Source) [?:1.8.0_481]
	at java.awt.LightweightDispatcher.retargetMouseEvent(Unknown Source) [?:1.8.0_481]
	at java.awt.LightweightDispatcher.processMouseEvent(Unknown Source) [?:1.8.0_481]
	at java.awt.LightweightDispatcher.dispatchEvent(Unknown Source) [?:1.8.0_481]
	at java.awt.Container.dispatchEventImpl(Unknown Source) [?:1.8.0_481]
	at java.awt.Window.dispatchEventImpl(Unknown Source) [?:1.8.0_481]
	at java.awt.Component.dispatchEvent(Unknown Source) [?:1.8.0_481]
	at java.awt.EventQueue.dispatchEventImpl(Unknown Source) [?:1.8.0_481]
	at java.awt.EventQueue.access$500(Unknown Source) [?:1.8.0_481]
	at java.awt.EventQueue$3.run(Unknown Source) [?:1.8.0_481]
	at java.awt.EventQueue$3.run(Unknown Source) [?:1.8.0_481]
	at java.security.AccessController.doPrivileged(Native Method) ~[?:1.8.0_481]
	at java.security.ProtectionDomain$JavaSecurityAccessImpl.doIntersectionPrivilege(Unknown Source) [?:1.8.0_481]
	at java.security.ProtectionDomain$JavaSecurityAccessImpl.doIntersectionPrivilege(Unknown Source) [?:1.8.0_481]
	at java.awt.EventQueue$4.run(Unknown Source) [?:1.8.0_481]
	at java.awt.EventQueue$4.run(Unknown Source) [?:1.8.0_481]
	at java.security.AccessController.doPrivileged(Native Method) ~[?:1.8.0_481]
	at java.security.ProtectionDomain$JavaSecurityAccessImpl.doIntersectionPrivilege(Unknown Source) [?:1.8.0_481]
	at java.awt.EventQueue.dispatchEvent(Unknown Source) [?:1.8.0_481]
	at java.awt.EventDispatchThread.pumpOneEventForFilters(Unknown Source) [?:1.8.0_481]
	at java.awt.EventDispatchThread.pumpEventsForFilter(Unknown Source) [?:1.8.0_481]
	at java.awt.EventDispatchThread.pumpEventsForHierarchy(Unknown Source) [?:1.8.0_481]
	at java.awt.EventDispatchThread.pumpEvents(Unknown Source) [?:1.8.0_481]
	at java.awt.EventDispatchThread.pumpEvents(Unknown Source) [?:1.8.0_481]
	at java.awt.EventDispatchThread.run(Unknown Source) [?:1.8.0_481]
Caused by: java.text.ParseException: No date-time format found matching usuario
	at org.apache.jmeter.save.CSVSaveService.makeResultFromDelimitedString(CSVSaveService.java:245) ~[ApacheJMeter_core.jar:5.6.3]
	... 42 more
2026-03-25 20:13:01,442 INFO o.a.j.e.StandardJMeterEngine: Running the test!
2026-03-25 20:13:01,444 INFO o.a.j.s.SampleEvent: List of sample_variables: []
2026-03-25 20:13:01,446 INFO o.a.j.g.u.JMeterMenuBar: setRunning(true, *local*)
2026-03-25 20:13:01,494 INFO o.a.j.e.StandardJMeterEngine: Starting ThreadGroup: 1 : Carga de Utilizadores
2026-03-25 20:13:01,494 INFO o.a.j.e.StandardJMeterEngine: Starting 5 threads for group Carga de Utilizadores.
2026-03-25 20:13:01,494 INFO o.a.j.e.StandardJMeterEngine: Thread will continue on error
2026-03-25 20:13:01,494 INFO o.a.j.t.ThreadGroup: Starting thread group... number=1 threads=5 ramp-up=5 delayedStart=false
2026-03-25 20:13:01,494 INFO o.a.j.t.JMeterThread: Thread started: Carga de Utilizadores 1-1
2026-03-25 20:13:01,496 INFO o.a.j.s.FileServer: Stored: usuarios.csv
2026-03-25 20:13:01,499 INFO o.a.j.t.ThreadGroup: Started thread group number 1
2026-03-25 20:13:01,499 INFO o.a.j.e.StandardJMeterEngine: All thread groups have been started
2026-03-25 20:13:01,525 INFO o.a.j.p.h.s.HTTPHCAbstractImpl: Local host = Natanael
2026-03-25 20:13:01,533 INFO o.a.j.p.h.s.HTTPHC4Impl: HTTP request retry count = 0
2026-03-25 20:13:01,640 INFO o.a.j.p.h.s.h.LazyLayeredConnectionSocketFactory: Setting up HTTPS TrustAll Socket Factory
2026-03-25 20:13:01,644 INFO o.a.j.u.JsseSSLManager: Using default SSL protocol: TLS
2026-03-25 20:13:01,644 INFO o.a.j.u.JsseSSLManager: SSL session context: per-thread
2026-03-25 20:13:02,253 INFO o.a.j.u.SSLManager: JmeterKeyStore Location:  type JKS
2026-03-25 20:13:02,256 INFO o.a.j.u.SSLManager: KeyStore created OK
2026-03-25 20:13:02,256 WARN o.a.j.u.SSLManager: Keystore file not found, loading empty keystore
2026-03-25 20:13:02,511 INFO o.a.j.t.JMeterThread: Thread started: Carga de Utilizadores 1-2
2026-03-25 20:13:03,496 INFO o.a.j.t.JMeterThread: Thread started: Carga de Utilizadores 1-3
2026-03-25 20:13:03,679 INFO o.a.j.t.JMeterThread: Thread is done: Carga de Utilizadores 1-2
2026-03-25 20:13:03,679 INFO o.a.j.t.JMeterThread: Thread finished: Carga de Utilizadores 1-2
2026-03-25 20:13:04,497 INFO o.a.j.t.JMeterThread: Thread started: Carga de Utilizadores 1-4
2026-03-25 20:13:04,672 INFO o.a.j.t.JMeterThread: Thread is done: Carga de Utilizadores 1-3
2026-03-25 20:13:04,672 INFO o.a.j.t.JMeterThread: Thread finished: Carga de Utilizadores 1-3
2026-03-25 20:13:04,673 INFO o.a.j.t.JMeterThread: Thread is done: Carga de Utilizadores 1-1
2026-03-25 20:13:04,673 INFO o.a.j.t.JMeterThread: Thread finished: Carga de Utilizadores 1-1
2026-03-25 20:13:05,494 INFO o.a.j.t.JMeterThread: Thread started: Carga de Utilizadores 1-5
2026-03-25 20:13:05,646 INFO o.a.j.t.JMeterThread: Thread is done: Carga de Utilizadores 1-4
2026-03-25 20:13:05,646 INFO o.a.j.t.JMeterThread: Thread finished: Carga de Utilizadores 1-4
2026-03-25 20:13:06,649 INFO o.a.j.t.JMeterThread: Thread is done: Carga de Utilizadores 1-5
2026-03-25 20:13:06,651 INFO o.a.j.t.JMeterThread: Thread finished: Carga de Utilizadores 1-5
2026-03-25 20:13:06,651 INFO o.a.j.e.StandardJMeterEngine: Notifying test listeners of end of test
2026-03-25 20:13:06,651 INFO o.a.j.s.FileServer: Close: usuarios.csv
2026-03-25 20:13:06,654 INFO o.a.j.g.u.JMeterMenuBar: setRunning(false, *local*)
